[     319ms] [WARNING] [GPT] PubAdsService.clearTargeting is deprecated, use googletag.setConfig({targeting: ...}) instead.
https://goo.gle/gpt-message#170 @ https://static.velog.io/static/js/20.72815531.chunk.js:1
[  331155ms] [WARNING] react-spring: The "interpolate" function is deprecated in v9 (use "to" instead) @ https://static.velog.io/static/js/20.72815531.chunk.js:1
[  333763ms] [LOG] {gtag: , userId: undefined} @ https://assets.velcdn.com/_next/static/chunks/4356-b12ade6b27d7552d.js:12
[  333912ms] [LOG] GA User ID set: 33d939fc-20eb-463b-8ae3-24e1489232ef @ https://assets.velcdn.com/_next/static/chunks/4356-b12ade6b27d7552d.js:12
[  349186ms] [WARNING] react-spring: The "interpolate" function is deprecated in v9 (use "to" instead) @ https://static.velog.io/static/js/20.72815531.chunk.js:1
[  349303ms] [WARNING] [GPT] PubAdsService.clearTargeting is deprecated, use googletag.setConfig({targeting: ...}) instead.
https://goo.gle/gpt-message#170 @ https://static.velog.io/static/js/20.72815531.chunk.js:1
[  352261ms] [LOG] {gtag: , userId: undefined} @ https://assets.velcdn.com/_next/static/chunks/4356-b12ade6b27d7552d.js:12
[  352472ms] [LOG] GA User ID set: 33d939fc-20eb-463b-8ae3-24e1489232ef @ https://assets.velcdn.com/_next/static/chunks/4356-b12ade6b27d7552d.js:12
[  361275ms] [WARNING] The resource https://assets.velcdn.com/_next/static/css/6dbdd766055cf21c.css was preloaded using link preload but not used within a few seconds from the window's load event. Please make sure it has an appropriate `as` value and it is preloaded intentionally. @ https://velog.io/@wnsgk111400/followers:0
[  367744ms] [WARNING] The resource https://assets.velcdn.com/_next/static/css/6dbdd766055cf21c.css was preloaded using link preload but not used within a few seconds from the window's load event. Please make sure it has an appropriate `as` value and it is preloaded intentionally. @ https://velog.io/@taek___0/posts:0
[  372919ms] [WARNING] react-spring: The "interpolate" function is deprecated in v9 (use "to" instead) @ https://static.velog.io/static/js/20.72815531.chunk.js:1
[  373025ms] [WARNING] [GPT] PubAdsService.clearTargeting is deprecated, use googletag.setConfig({targeting: ...}) instead.
https://goo.gle/gpt-message#170 @ https://static.velog.io/static/js/20.72815531.chunk.js:1
[  390111ms] [LOG] {gtag: , userId: undefined} @ https://assets.velcdn.com/_next/static/chunks/4356-b12ade6b27d7552d.js:12
[  390162ms] [LOG] GA User ID set: 33d939fc-20eb-463b-8ae3-24e1489232ef @ https://assets.velcdn.com/_next/static/chunks/4356-b12ade6b27d7552d.js:12
[  435306ms] [WARNING] [GPT] PubAdsService.disableInitialLoad is deprecated, use googletag.setConfig({disableInitialLoad: ...}) instead.
https://goo.gle/gpt-message#170 @ https://securepubads.g.doubleclick.net/pagead/managed/js/gpt/m202605260101/pubads_impl.js:18
[  435432ms] [WARNING] react-spring: The "interpolate" function is deprecated in v9 (use "to" instead) @ https://static.velog.io/static/js/20.72815531.chunk.js:1
[  530017ms] [LOG] {gtag: , userId: undefined} @ https://assets.velcdn.com/_next/static/chunks/4356-b12ade6b27d7552d.js:12
[  530533ms] [LOG] GA User ID set: 33d939fc-20eb-463b-8ae3-24e1489232ef @ https://assets.velcdn.com/_next/static/chunks/4356-b12ade6b27d7552d.js:12
